// Jest Snapshot v1, https://goo.gl/fbAQLP

exports[`PlaceCardCheckedInIcon renders renders 1`] = `
<View
  style={
    Object {
      "alignItems": "center",
      "backgroundColor": "#FFFFFF",
      "borderColor": null,
      "borderRadius": 15,
      "borderWidth": 0,
      "elevation": 2,
      "height": 30,
      "justifyContent": "center",
      "shadowColor": "#212121",
      "shadowOffset": Object {
        "height": 1,
        "width": 0,
      },
      "shadowOpacity": 0.17,
      "shadowRadius": 2,
      "width": 30,
    }
  }
>
  <Text
    accessible={true}
    allowFontScaling={false}
    ellipsizeMode="tail"
    style={
      Array [
        Object {
          "color": undefined,
          "fontSize": 12,
        },
        Object {
          "color": "#4caf50",
          "fontSize": 24,
        },
        Object {
          "fontFamily": "Material Icons",
          "fontStyle": "normal",
          "fontWeight": "normal",
        },
        Object {},
      ]
    }
  >
    î—Š
  </Text>
</View>
`;
