// Jest Snapshot v1, https://goo.gl/fbAQLP

exports[`TabBarContainer renders renders with minimum required props 1`] = `
<View
  style={
    Object {
      "backgroundColor": "#48466D",
      "borderColor": null,
      "borderWidth": 0,
      "elevation": 6,
      "flexDirection": "row",
      "shadowColor": "#212121",
      "shadowOffset": Object {
        "height": 1,
        "width": 0,
      },
      "shadowOpacity": 0.33,
      "shadowRadius": 2,
    }
  }
>
  <View
    accessible={true}
    isTVSelectable={true}
    onResponderGrant={[Function]}
    onResponderMove={[Function]}
    onResponderRelease={[Function]}
    onResponderTerminate={[Function]}
    onResponderTerminationRequest={[Function]}
    onStartShouldSetResponder={[Function]}
    style={
      Object {
        "alignItems": "center",
        "flex": 1,
        "opacity": 1,
        "paddingBottom": 7,
        "paddingVertical": 5,
      }
    }
  >
    <Text
      accessible={true}
      allowFontScaling={false}
      ellipsizeMode="tail"
      style={
        Array [
          Object {
            "color": undefined,
            "fontSize": 12,
          },
          Array [
            Object {
              "color": "#FFFFFF",
              "fontSize": 24,
            },
            undefined,
          ],
          Object {
            "fontFamily": "Material Icons",
            "fontStyle": "normal",
            "fontWeight": "normal",
          },
          Object {},
        ]
      }
    >
      
    </Text>
    <Text
      accessible={true}
      allowFontScaling={true}
      ellipsizeMode="tail"
      style={
        Array [
          Object {
            "color": "rgba(255, 255, 255, 0.70)",
            "fontFamily": "Nunito-Regular",
            "fontSize": 15,
          },
          undefined,
        ]
      }
    >
      Home
    </Text>
  </View>
  <View
    accessible={true}
    isTVSelectable={true}
    onResponderGrant={[Function]}
    onResponderMove={[Function]}
    onResponderRelease={[Function]}
    onResponderTerminate={[Function]}
    onResponderTerminationRequest={[Function]}
    onStartShouldSetResponder={[Function]}
    style={
      Object {
        "alignItems": "center",
        "flex": 1,
        "opacity": 1,
        "paddingBottom": 7,
        "paddingVertical": 5,
      }
    }
  >
    <Text
      accessible={true}
      allowFontScaling={false}
      ellipsizeMode="tail"
      style={
        Array [
          Object {
            "color": undefined,
            "fontSize": 12,
          },
          Array [
            Object {
              "color": "#FFFFFF",
              "fontSize": 24,
            },
            undefined,
          ],
          Object {
            "fontFamily": "Material Icons",
            "fontStyle": "normal",
            "fontWeight": "normal",
          },
          Object {},
        ]
      }
    >
      
    </Text>
    <Text
      accessible={true}
      allowFontScaling={true}
      ellipsizeMode="tail"
      style={
        Array [
          Object {
            "color": "rgba(255, 255, 255, 0.70)",
            "fontFamily": "Nunito-Regular",
            "fontSize": 15,
          },
          undefined,
        ]
      }
    >
      Profile
    </Text>
  </View>
</View>
`;
