// Jest Snapshot v1, https://goo.gl/fbAQLP

exports[`HeaderBar renders renders 1`] = `
<View
  style={
    Array [
      Object {
        "alignSelf": "stretch",
        "backgroundColor": "#48466D",
        "paddingHorizontal": 15,
        "paddingVertical": 10,
      },
      Object {
        "backgroundColor": "red",
      },
    ]
  }
>
  <View />
</View>
`;
