// Jest Snapshot v1, https://goo.gl/fbAQLP

exports[`Search renders renders with minimum required props 1`] = `
<View
  style={
    Array [
      Object {
        "alignSelf": "stretch",
        "backgroundColor": "#FFFFFF",
        "flex": 1,
        "paddingTop": 22,
      },
      undefined,
      undefined,
      undefined,
    ]
  }
>
  <View
    style={
      Array [
        Object {
          "left": 0,
          "position": "absolute",
          "right": 0,
          "top": 0,
          "zIndex": 100,
        },
      ]
    }
  >
    <View
      style={
        Array [
          Object {
            "height": 22,
          },
          Object {
            "backgroundColor": "#48466D",
          },
        ]
      }
    />
  </View>
  <View
    style={
      Array [
        Object {
          "alignSelf": "stretch",
          "backgroundColor": "#48466D",
          "paddingHorizontal": 15,
          "paddingVertical": 10,
        },
        undefined,
      ]
    }
  >
    <View
      style={
        Object {
          "flexDirection": "row",
        }
      }
    >
      <View
        accessible={true}
        isTVSelectable={true}
        onResponderGrant={[Function]}
        onResponderMove={[Function]}
        onResponderRelease={[Function]}
        onResponderTerminate={[Function]}
        onResponderTerminationRequest={[Function]}
        onStartShouldSetResponder={[Function]}
        style={
          Object {
            "opacity": 1,
            "paddingRight": 15,
            "paddingVertical": 10,
          }
        }
        testID="search.button.back"
      >
        <Text
          accessible={true}
          allowFontScaling={false}
          ellipsizeMode="tail"
          style={
            Array [
              Object {
                "color": undefined,
                "fontSize": 12,
              },
              Object {
                "color": "#FFFFFF",
                "fontSize": 28,
                "marginHorizontal": -9,
              },
              Object {
                "fontFamily": "Material Icons",
                "fontStyle": "normal",
                "fontWeight": "normal",
              },
              Object {},
            ]
          }
        >
          
        </Text>
      </View>
      <View
        accessible={true}
        isTVSelectable={true}
        onResponderGrant={[Function]}
        onResponderMove={[Function]}
        onResponderRelease={[Function]}
        onResponderTerminate={[Function]}
        onResponderTerminationRequest={[Function]}
        onStartShouldSetResponder={[Function]}
        style={
          Object {
            "alignItems": "center",
            "alignSelf": "stretch",
            "backgroundColor": "rgba(0, 0, 0, 0.70)",
            "borderRadius": 5,
            "flex": 1,
            "flexDirection": "row",
            "height": 48,
            "opacity": 1,
            "paddingHorizontal": 15,
          }
        }
      >
        <Text
          accessible={true}
          allowFontScaling={false}
          ellipsizeMode="tail"
          style={
            Array [
              Object {
                "color": undefined,
                "fontSize": 12,
              },
              Object {
                "color": "#FFFFFF",
                "fontSize": 24,
                "marginRight": 7.5,
              },
              Object {
                "fontFamily": "Material Icons",
                "fontStyle": "normal",
                "fontWeight": "normal",
              },
              Object {},
            ]
          }
        >
          
        </Text>
        <TextInput
          allowFontScaling={true}
          autoFocus={true}
          onChangeText={[Function]}
          onSubmitEditing={[Function]}
          placeholder="Search"
          placeholderTextColor="#FFFFFF"
          style={
            Array [
              Object {
                "flex": 1,
              },
              Object {
                "color": "#FFFFFF",
                "fontFamily": "Nunito-Regular",
                "fontSize": 17,
              },
            ]
          }
          testID="search.input"
          underlineColorAndroid="transparent"
          value={null}
        />
      </View>
    </View>
    <View
      style={
        Object {
          "paddingTop": 10,
        }
      }
    >
      <RCTScrollView
        contentContainerStyle={Object {}}
        data={
          Array [
            Object {
              "id": "1",
              "location": Object {
                "lat": -33.9263749,
                "lng": 18.9319848,
              },
              "name": "Robertson",
              "radius": 10,
            },
          ]
        }
        disableVirtualization={false}
        getItem={[Function]}
        getItemCount={[Function]}
        horizontal={true}
        initialNumToRender={10}
        keyExtractor={[Function]}
        maxToRenderPerBatch={10}
        numColumns={1}
        onContentSizeChange={[Function]}
        onEndReachedThreshold={2}
        onLayout={[Function]}
        onMomentumScrollEnd={[Function]}
        onScroll={[Function]}
        onScrollBeginDrag={[Function]}
        onScrollEndDrag={[Function]}
        renderItem={[Function]}
        scrollEventThrottle={50}
        stickyHeaderIndices={Array []}
        style={Object {}}
        updateCellsBatchingPeriod={50}
        viewabilityConfigCallbackPairs={Array []}
        windowSize={21}
      >
        <View>
          <View
            onLayout={[Function]}
            style={
              Array [
                Object {
                  "flexDirection": "row",
                },
                null,
              ]
            }
          >
            <View
              style={
                Object {
                  "marginRight": 7.5,
                }
              }
            >
              <View
                accessible={true}
                isTVSelectable={true}
                onResponderGrant={[Function]}
                onResponderMove={[Function]}
                onResponderRelease={[Function]}
                onResponderTerminate={[Function]}
                onResponderTerminationRequest={[Function]}
                onStartShouldSetResponder={[Function]}
                style={
                  Object {
                    "backgroundColor": "#E23E57",
                    "borderColor": null,
                    "borderRadius": 5,
                    "borderWidth": 0,
                    "elevation": 2,
                    "opacity": 1,
                    "paddingHorizontal": 7.5,
                    "paddingVertical": 5,
                    "shadowColor": "#212121",
                    "shadowOffset": Object {
                      "height": 1,
                      "width": 0,
                    },
                    "shadowOpacity": 0.17,
                    "shadowRadius": 2,
                  }
                }
                testID="search.label.Robertson"
              >
                <Text
                  accessible={true}
                  allowFontScaling={true}
                  ellipsizeMode="tail"
                  style={
                    Object {
                      "color": "#FFFFFF",
                      "fontFamily": "Nunito-SemiBold",
                      "fontSize": 11,
                    }
                  }
                >
                  Robertson
                </Text>
              </View>
            </View>
          </View>
        </View>
      </RCTScrollView>
    </View>
  </View>
  <View
    style={
      Array [
        Object {
          "alignSelf": "stretch",
          "flex": 1,
        },
        Object {
          "flex": 1,
        },
      ]
    }
  >
    <RCTScrollView
      automaticallyAdjustContentInsets={false}
      contentContainerStyle={
        Object {
          "flex": 1,
        }
      }
      contentInset={
        Object {
          "bottom": 0,
        }
      }
      enableAutomaticScroll={true}
      enableOnAndroid={false}
      enableResetScrollToCoords={true}
      extraHeight={75}
      extraScrollHeight={0}
      getScrollResponder={[Function]}
      handleOnScroll={[Function]}
      keyboardDismissMode="interactive"
      keyboardOpeningTime={250}
      keyboardShouldPersistTaps="handled"
      keyboardSpace={0}
      onScroll={[Function]}
      resetKeyboardSpace={[Function]}
      scrollEventThrottle={1}
      scrollForExtraHeightOnAndroid={[Function]}
      scrollIntoView={[Function]}
      scrollToEnd={[Function]}
      scrollToFocusedInput={[Function]}
      scrollToPosition={[Function]}
      showsVerticalScrollIndicator={true}
      update={[Function]}
      viewIsInsideTabBar={false}
    >
      <View>
        <View
          style={
            Object {
              "alignItems": "center",
              "alignSelf": "center",
              "flex": 1,
              "justifyContent": "center",
              "maxWidth": 300,
              "paddingVertical": 100,
            }
          }
        >
          <Text
            accessible={true}
            allowFontScaling={false}
            ellipsizeMode="tail"
            style={
              Array [
                Object {
                  "color": undefined,
                  "fontSize": 12,
                },
                Object {
                  "color": "#3D84A8",
                  "fontSize": 64,
                  "marginBottom": 10,
                },
                Object {
                  "fontFamily": "Material Icons",
                  "fontStyle": "normal",
                  "fontWeight": "normal",
                },
                Object {},
              ]
            }
          >
            
          </Text>
          <Text
            accessible={true}
            allowFontScaling={true}
            ellipsizeMode="tail"
            style={
              Object {
                "color": "#212121",
                "fontFamily": "Nunito-SemiBold",
                "fontSize": 24,
                "marginBottom": 10,
                "textAlign": "center",
              }
            }
          >
            Search over 525+ places in the Western Cape
          </Text>
          <Text
            accessible={true}
            allowFontScaling={true}
            ellipsizeMode="tail"
            style={
              Object {
                "color": "#212121",
                "fontFamily": "Nunito-Regular",
                "fontSize": 17,
                "textAlign": "center",
              }
            }
          >
            If you're heading somewhere specific, try an area search by tapping on of the red buttons.
          </Text>
        </View>
      </View>
    </RCTScrollView>
  </View>
</View>
`;
