// Jest Snapshot v1, https://goo.gl/fbAQLP

exports[`Thumbnail renders renders with minimum required props 1`] = `
<View
  style={Object {}}
>
  <View
    style={
      Array [
        Array [
          Object {
            "flex": 1,
            "height": 200,
          },
          Object {
            "borderRadius": 5,
            "height": 120,
            "overflow": "hidden",
            "width": 120,
          },
        ],
        Object {
          "overflow": "hidden",
        },
      ]
    }
  >
    <FastImageView
      borderRadius={5}
      onFastImageError={[Function]}
      onFastImageLoadEnd={[Function]}
      onFastImageLoadStart={[Function]}
      resizeMode="cover"
      source={
        Object {
          "uri": undefined,
        }
      }
      style={
        Object {
          "bottom": 0,
          "left": 0,
          "position": "absolute",
          "right": 0,
          "top": 0,
        }
      }
    />
  </View>
</View>
`;
