// Jest Snapshot v1, https://goo.gl/fbAQLP

exports[`Loader renders renders 1`] = `
<View
  style={
    Object {
      "alignItems": "center",
      "alignSelf": "stretch",
      "height": 200,
      "justifyContent": "center",
    }
  }
>
  <ActivityIndicator
    animating={true}
    color="#3D84A8"
    hidesWhenStopped={true}
    size="large"
  />
</View>
`;
