// Jest Snapshot v1, https://goo.gl/fbAQLP

exports[`PlaceCardImagePlaceholder renders renders 1`] = `
<View
  style={
    Object {
      "alignItems": "center",
      "backgroundColor": "#3D84A8",
      "borderRadius": 5,
      "flex": 1,
      "height": 200,
      "justifyContent": "center",
    }
  }
>
  <Text
    accessible={true}
    allowFontScaling={false}
    ellipsizeMode="tail"
    style={
      Array [
        Object {
          "color": undefined,
          "fontSize": 12,
        },
        Object {
          "color": "#FFFFFF",
          "fontSize": 36,
        },
        Object {
          "fontFamily": "Material Icons",
          "fontStyle": "normal",
          "fontWeight": "normal",
        },
        Object {},
      ]
    }
  >
    
  </Text>
</View>
`;
